127.0.0.1:6379> get user:name
"Anton"
127.0.0.1:6379> hset user Anton
(error) ERR wrong number of arguments for 'hset' command
127.0.0.1:6379> hget users Anton
"1111"
127.0.0.1:6379> GET username
(nil)
127.0.0.1:6379> SET username "Yevgen"
OK
127.0.0.1:6379> GET username
"Yevgen"
127.0.0.1:6379> LPUSH todo_list "Вивчити Redis"
(integer) 1
127.0.0.1:6379> LPUSH todo_list "Приготувати обід"
(integer) 2
127.0.0.1:6379> LRANGE todo_list 0 -1
1) "\xd0\x9f\xd1\x80\xd0\xb8\xd0\xb3\xd0\xbe\xd1\x82\xd1\x83\xd0\xb2\xd0\xb0\xd1\x82\xd0\xb8 \xd0\xbe\xd0\xb1\xd1\x96\xd0\xb4"
2) "\xd0\x92\xd0\xb8\xd0\xb2\xd1\x87\xd0\xb8\xd1\x82\xd0\xb8 Redis"
127.0.0.1:6379> HSET user_data age 25
(integer) 1
127.0.0.1:6379> HSET user_data country "Ukraine"
(integer) 1
127.0.0.1:6379> HGETALL user_data
1) "age"
2) "25"
3) "country"
4) "Ukraine"
127.0.0.1:6379> SADD tags "programming" "redis" "tutorial"
(integer) 3
127.0.0.1:6379> SMEMBERS tags
1) "programming"
2) "redis"
3) "tutorial"
127.0.0.1:6379> INCRBY page_views 5
(integer) 5
127.0.0.1:6379> GET page_views
"5"
127.0.0.1:6379> SET session_token "abc123"
OK
127.0.0.1:6379> EXPIRE session_token 120
(integer) 1
127.0.0.1:6379> TTL session_token
(integer) 97
127.0.0.1:6379> DEL username
(integer) 1
127.0.0.1:6379> GET username
(nil)
127.0.0.1:6379> SET user:1:name "Ivan"
OK
127.0.0.1:6379> KEYS user:*
1) "user:1:name"
2) "user:name"
127.0.0.1:6379> SETBIT online_status 0 1
(integer) 0
127.0.0.1:6379> GETBIT online_status 0
(integer) 1
127.0.0.1:6379> MULTI
OK
127.0.0.1:6379(TX)> SET balance 1000
QUEUED
127.0.0.1:6379(TX)> GET balance
QUEUED
127.0.0.1:6379(TX)> EXEC
1) OK
2) "1000"
127.0.0.1:6379> SADD set1 "a" "b" "c"
(integer) 3
127.0.0.1:6379> SADD set2 "b" "c" "d"
(integer) 3
127.0.0.1:6379> SUNIONSTORE union_set set1 set2
(integer) 4
127.0.0.1:6379> SINTERSTORE intersection_set set1 set2
(integer) 2
127.0.0.1:6379> SMEMBERS union_set
1) "a"
2) "b"
3) "c"
4) "d"
127.0.0.1:6379> SMEMBERS intersection_set
1) "b"
2) "c"
127.0.0.1:6379> SUBSCRIBE messages
1) "subscribe"
2) "messages"
3) (integer) 1
127.0.0.1:6379(subscribed mode)> 1
(error) ERR unknown command '1', with args beginning with:
127.0.0.1:6379(subscribed mode)> PUBLISH messages "Hello, Redis!"
(error) ERR Can't execute 'publish': only (P|S)SUBSCRIBE / (P|S)UNSUBSCRIBE / PING / QUIT / RESET are allowed in this context
127.0.0.1:6379(subscribed mode)> messages
(error) ERR unknown command 'messages', with args beginning with:
127.0.0.1:6379> GEOADD locations 30.5238 50.4547 "Kyiv"
(integer) 1
127.0.0.1:6379> GEOADD locations 24.0311 49.8429 "Lviv"
 49.5883 "Dnipro"
GEOPOS locations Kyiv Lviv Dnipro(integer) 1
127.0.0.1:6379> GEOADD locations 34.5522 49.5883 "Dnipro"
(integer) 1
127.0.0.1:6379> GEOPOS locations Kyiv Lviv Dnipro
1) 1) "30.52379876375198364"
   2) "50.45470066577395585"
2) 1) "24.03109878301620483"
   2) "49.84290008898663871"
3) 1) "34.55219775438308716"
   2) "49.58830002213683485"
127.0.0.1:6379> RPUSH tasks "Task 1" "Task 2" "Task 3"
(integer) 3
127.0.0.1:6379> LRANGE tasks 0 -1
 -11) "Task 1"
2) "Task 2"
3) "Task 3"
127.0.0.1:6379> RPUSH tasks "Task 4"
(integer) 4
127.0.0.1:6379> LPOP tasks
"Task 1"
127.0.0.1:6379> LRANGE tasks 0 -1
1) "Task 2"
2) "Task 3"
3) "Task 4"
127.0.0.1:6379> PFADD unique_users user1 user2 user3 user4
(integer) 1
127.0.0.1:6379> PFCOUNT unique_users
(integer) 4
127.0.0.1:6379> RPUSH message_queue "Hello" "How are you?" "Goodbye"
(integer) 3
127.0.0.1:6379> LRANGE message_queue 0 -1
1) "Hello"
2) "How are you?"
3) "Goodbye"
127.0.0.1:6379>